// Jest Snapshot v1, https://goo.gl/fbAQLP

exports[`should render ExpensesSummary with 1 expenses totaling $94.34 1`] = `
<div>
  Viewing 
  1
   expense
   totaling 
  $94.34
</div>
`;

exports[`should render ExpensesSummary with 2 expenses totaling $94.34 1`] = `
<div>
  Viewing 
  2
   expense
  s
   totaling 
  $94.34
</div>
`;
